MemTotal:       32767112 kB
MemFree:          603012 kB
MemAvailable:   14326976 kB
Buffers:         1129956 kB
Cached:         14101112 kB
SwapCached:            0 kB
Active:          6744520 kB
Inactive:       23606896 kB
Active(anon):     119864 kB
Inactive(anon): 16791664 kB
Active(file):    6624656 kB
Inactive(file):  6815232 kB
Unevictable:        1056 kB
Mlocked:              96 kB
SwapTotal:             0 kB
SwapFree:              0 kB
Dirty:               884 kB
Writeback:             0 kB
AnonPages:      15117644 kB
Mapped:          3284088 kB
Shmem:           1830688 kB
KReclaimable:     755084 kB
Slab:            1098832 kB
SReclaimable:     755084 kB
SUnreclaim:       343748 kB
KernelStack:       44016 kB
PageTables:       160924 kB
NFS_Unstable:          0 kB
Bounce:                0 kB
WritebackTmp:          0 kB
CommitLimit:    16383556 kB
Committed_AS:   48698520 kB
VmallocTotal:   34359738367 kB
VmallocUsed:      112068 kB
VmallocChunk:          0 kB
Percpu:            16064 kB
HardwareCorrupted:     0 kB
AnonHugePages:      6144 kB
ShmemHugePages:        0 kB
ShmemPmdMapped:        0 kB
FileHugePages:         0 kB
FilePmdMapped:         0 kB
HugePages_Total:       0
HugePages_Free:        0
HugePages_Rsvd:        0
HugePages_Surp:        0
Hugepagesize:       2048 kB
Hugetlb:               0 kB
DirectMap4k:     1724364 kB
DirectMap2M:    29616128 kB
DirectMap1G:     3145728 kB
